// Vitest Snapshot v1, https://vitest.dev/guide/snapshot.html

exports[`Sample test > should have a snapshot match 1`] = `
.c0 {
  background-color: red;
}

<button
  class="c0"
/>
`;
