// Vitest Snapshot v1, https://vitest.dev/guide/snapshot.html

exports[`RecordSelection > should match snapshot with empty recordIds 1`] = `
.c4 {
  all: unset;
  box-sizing: border-box;
  font-size: 16px;
  font-weight: 500;
  padding: 8px 16px;
  color: var(--white-color);
  background-color: var(--primary-color);
  border: 1px solid var(--primary-color);
  border-radius: 4px;
  cursor: pointer;
}

.c4:hover {
  background-color: var(--hovering-color);
  color: var(--white-color);
}

.c4:disabled {
  border: none;
  color: var(--white-color);
  background-color: var(--gray-color);
  text-decoration: none;
}

.c1 {
  width: 100%;
  display: flex;
  flex-direction: column;
  align-items: center;
  text-align: center;
  row-gap: 16px;
}

.c2 {
  width: 100%;
  max-width: 400px;
}

.c3 {
  font-size: 36px;
  font-weight: 700;
}

.c0 {
  display: flex;
  flex-direction: row;
  flex-wrap: wrap;
  gap: 16px;
}

<div
  class="c0"
>
  <div
    class="c1"
  >
    <img
      alt="에러 발생"
      class="c2"
      src="/src/assets/images/empty.png"
    />
    <h2
      class="c3"
    >
      현재 등록된 기록이 없습니다.
    </h2>
    <button
      class="c4"
    >
      타이틀 화면으로 돌아가기
    </button>
    <button
      class="c4"
    >
      소통창구 (카카오 오픈채팅방)
    </button>
  </div>
</div>
`;

exports[`RecordSelection > should match snapshot with non-empty recordIds 1`] = `
.c4 {
  position: relative;
  width: 300px;
  min-height: 240px;
  display: grid;
  grid-template-rows: 200px 1fr;
  background-color: var(--primary-color);
  border-radius: 16px;
  overflow: hidden;
}

.c4:hover {
  background-color: var(--hovering-color);
}

.c4:hover>div>img {
  transform: scale(1.3);
}

.c4:hover>div>img+div {
  opacity: 1;
}

.c5 {
  width: 100%;
  height: 100%;
  overflow: hidden;
  border-top-left-radius: 16px;
  border-top-right-radius: 16px;
}

.c6 {
  width: 100%;
  height: 100%;
  object-fit: cover;
  transition: transform 100ms ease-in-out;
}

.c7 {
  width: 100%;
  height: 200px;
  position: absolute;
  left: 0;
  top: 0;
  background-color: rgba(255, 255, 255, 0.3);
  opacity: 0;
  transition: opacity 100ms ease-in-out;
}

.c8 {
  height: 100%;
  display: flex;
  flex-direction: column;
  row-gap: 8px;
  padding: 8px 16px;
  justify-content: center;
  align-items: flex-start;
}

.c9 {
  color: var(--white-color);
  font-size: 16px;
  font-weight: 600;
}

.c10 {
  color: var(--white-color);
  font-size: 16px;
  font-weight: 400;
}

.c0 {
  display: flex;
  flex-direction: row;
  flex-wrap: wrap;
  gap: 16px;
}

.c1 {
  font-size: 16px;
  font-weight: 400;
}

.c2 {
  width: 100%;
  display: flex;
  flex-direction: row;
  flex-wrap: wrap;
  justify-content: flex-start;
  align-items: flex-start;
  gap: 16px;
}

.c3 {
  color: unset;
  text-decoration: none;
}

<div
  class="c0"
>
  <span
    class="c1"
  >
    총 
    3
    건의 기록이 있습니다.
  </span>
  <div
    class="c2"
  >
    <a
      class="c3"
      href="/records/dodonpachi-cshot/2023-10-28"
    >
      <div
        class="c4"
      >
        <div
          class="c5"
        >
          <img
            alt="2023년 10월 28일"
            class="c6"
            src="Thumbnail URL"
          />
          <div
            class="c7"
          />
        </div>
        <div
          class="c8"
        >
          <span
            class="c9"
          >
            도돈파치 (1997): C-Shot
          </span>
          <span
            class="c9"
          >
            2023년 10월 28일
          </span>
          <span
            class="c10"
          >
            2-4 / 80000000점
          </span>
        </div>
      </div>
    </a>
    <a
      class="c3"
      href="/records/dodonpachi-cshot/2023-05-14"
    >
      <div
        class="c4"
      >
        <div
          class="c5"
        >
          <img
            alt="2023년 5월 14일"
            class="c6"
            src="Thumbnail URL"
          />
          <div
            class="c7"
          />
        </div>
        <div
          class="c8"
        >
          <span
            class="c9"
          >
            도돈파치 (1997): C-Shot
          </span>
          <span
            class="c9"
          >
            2023년 5월 14일
          </span>
          <span
            class="c10"
          >
            2-4 / 80000000점
          </span>
        </div>
      </div>
    </a>
    <a
      class="c3"
      href="/records/dodonpachi-cshot/2022-11-21"
    >
      <div
        class="c4"
      >
        <div
          class="c5"
        >
          <img
            alt="2022년 11월 21일"
            class="c6"
            src="Thumbnail URL"
          />
          <div
            class="c7"
          />
        </div>
        <div
          class="c8"
        >
          <span
            class="c9"
          >
            도돈파치 (1997): C-Shot
          </span>
          <span
            class="c9"
          >
            2022년 11월 21일
          </span>
          <span
            class="c10"
          >
            2-4 / 80000000점
          </span>
        </div>
      </div>
    </a>
  </div>
</div>
`;
